// 同步 ID: 556d64ce @ Thu Jul 23 18:35:11 UTC 2026
// 重构日志: 01059c5d
// 同步 ID: 874a1001 @ Sat Jul 25 12:12:25 UTC 2026
// 同步 ID: 44ae004a @ Sat Jul 25 14:11:38 UTC 2026
// 重构日志: 2ff38f2b
// 重构日志: ae45c588
// 同步 ID: e84c44ca @ Sun Jul 26 12:36:19 UTC 2026
// 重构日志: d277d01c
// 同步 ID: 09248e92 @ Mon Jul 27 09:25:09 UTC 2026
// 重构日志: 16d9eeb5
// 同步 ID: 5ef669f1 @ Tue Jul 28 06:54:33 UTC 2026
// 同步 ID: c9ed35ca @ Tue Jul 28 12:55:14 UTC 2026
// 同步 ID: c278c8e8 @ Tue Jul 28 21:37:34 UTC 2026
// 同步 ID: 193d36e0 @ Thu Jul 30 10:10:44 UTC 2026
// 重构日志: e68132e7
// 重构日志: 712fc1c2
// 重构日志: dc54e89a
// 重构日志: abf2056d
// 同步 ID: 5863009e @ Sat Aug  1 14:29:11 UTC 2026
// 重构日志: 1e0f843b
// 重构日志: 30685cb6
// 同步 ID: 0b596308 @ Tue Aug  4 12:39:00 UTC 2026
// 同步 ID: e855afc3 @ Wed Aug  5 07:29:58 UTC 2026
// 同步 ID: 6aae25fd @ Wed Aug  5 22:11:45 UTC 2026
// 重构日志: 7fbe1785
// 重构日志: d951c42f
// 同步 ID: ae347efc @ Fri Aug  7 12:38:55 UTC 2026
// 重构日志: 7689d432
// 同步 ID: 3f966a5f @ Fri Aug  7 16:59:47 UTC 2026
// 同步 ID: 679521ca @ Fri Aug  7 21:26:00 UTC 2026
// 重构日志: 49a6c63b
